main.c:112:5:main	48	static
main.c:193:6:SystemClock_Config	136	static
main.c:245:13:MX_CRC_Init	8	static
main.c:271:13:MX_DMA2D_Init	8	static
main.c:308:13:MX_I2C3_Init	8	static
main.c:354:13:MX_LTDC_Init	64	static
main.c:417:13:MX_SPI5_Init	8	static
main.c:455:13:MX_TIM1_Init	32	static
main.c:501:13:MX_USART1_UART_Init	8	static
main.c:530:13:MX_FMC_Init	40	static
main.c:638:13:MX_GPIO_Init	64	static
main.c:729:6:StartDefaultTask	16	static
main.c:751:6:HAL_TIM_PeriodElapsedCallback	16	static
main.c:768:6:Error_Handler	4	static
